// Jest Snapshot v1, https://goo.gl/fbAQLP

exports[`slack when initialize Slack class should match the snapshot 1`] = `
Slack {
  "app": null,
  "channelID": "",
  "isRunning": false,
  "msg": Message {
    "bustedTest": Object {
      "exitCode": 0,
      "failed": 0,
      "output": "",
      "passed": 0,
      "time": "",
      "total": 0,
    },
    "input": Object {
      "busted": false,
      "ignoreCheckVersions": false,
      "ignoreFailure": false,
      "ignoreSetOutput": false,
      "ldoc": false,
      "luacheck": false,
      "prettier": false,
      "slack": false,
      "slackForceStatus": "",
      "slackLuacheckFormat": "",
      "slackPrettierFormat": "",
      "slackStyLuaFormat": "",
      "stylua": false,
    },
    "isInProgress": false,
    "ldoc": Object {
      "exitCode": 0,
      "stderr": "",
      "stdout": "",
    },
    "luacheckLint": Object {
      "failed": 0,
      "files": Array [],
      "issues": 0,
      "output": "",
      "passed": 0,
    },
    "prettierLint": Object {
      "failed": 0,
      "files": Array [],
      "issues": 0,
      "output": "",
      "passed": 0,
    },
    "status": Object {
      "color": "#dcad04",
      "title": "In Progress",
    },
    "styLuaLint": Object {
      "failed": 0,
      "files": Array [],
      "issues": 0,
      "output": "",
      "passed": 0,
    },
    "timestamp": "",
  },
  "options": Object {
    "channel": "test",
    "input": Object {
      "busted": false,
      "ignoreCheckVersions": false,
      "ignoreFailure": false,
      "ignoreSetOutput": false,
      "ldoc": false,
      "luacheck": false,
      "prettier": false,
      "slack": false,
      "slackForceStatus": "",
      "slackLuacheckFormat": "",
      "slackPrettierFormat": "",
      "slackStyLuaFormat": "",
      "stylua": false,
    },
    "signingSecret": "",
    "token": "",
  },
  "timestamp": "",
}
`;
