// Jest Snapshot v1, https://goo.gl/fbAQLP

exports[`slack when initialize Slack class should match the snapshot 1`] = `
Slack {
  "app": null,
  "channelID": "",
  "isRunning": false,
  "options": {
    "channel": "test",
    "input": {
      "busted": false,
      "ignoreCheckVersions": false,
      "ignoreFailure": false,
      "ignoreSetOutput": false,
      "ldoc": false,
      "luacheck": false,
      "prettier": false,
      "slack": false,
      "slackForceStatus": "",
      "slackLuacheckFormat": "",
      "slackPrettierFormat": "",
      "slackStyLuaFormat": "",
      "stylua": false,
    },
    "signingSecret": "",
    "token": "",
  },
}
`;
